Archive member included because of file (symbol)

d:/program files/atmel/avr tools/avr toolchain/bin/../lib/gcc/avr/4.5.1/avr4\libgcc.a(_udivmodhi4.o)
                              magneto.o (__udivmodhi4)
d:/program files/atmel/avr tools/avr toolchain/bin/../lib/gcc/avr/4.5.1/avr4\libgcc.a(_udivmodsi4.o)
                              magneto.o (__udivmodsi4)
d:/program files/atmel/avr tools/avr toolchain/bin/../lib/gcc/avr/4.5.1/avr4\libgcc.a(_exit.o)
                              d:/program files/atmel/avr tools/avr toolchain/bin/../lib/gcc/avr/4.5.1/../../../../avr/lib/avr4/crtm8.o (exit)
d:/program files/atmel/avr tools/avr toolchain/bin/../lib/gcc/avr/4.5.1/avr4\libgcc.a(_copy_data.o)
                              magneto.o (__do_copy_data)
d:/program files/atmel/avr tools/avr toolchain/bin/../lib/gcc/avr/4.5.1/avr4\libgcc.a(_fixunssfsi.o)
                              magneto.o (__fixunssfsi)
d:/program files/atmel/avr tools/avr toolchain/bin/../lib/gcc/avr/4.5.1/avr4\libgcc.a(_addsub_sf.o)
                              d:/program files/atmel/avr tools/avr toolchain/bin/../lib/gcc/avr/4.5.1/avr4\libgcc.a(_fixunssfsi.o) (__subsf3)
d:/program files/atmel/avr tools/avr toolchain/bin/../lib/gcc/avr/4.5.1/avr4\libgcc.a(_div_sf.o)
                              magneto.o (__divsf3)
d:/program files/atmel/avr tools/avr toolchain/bin/../lib/gcc/avr/4.5.1/avr4\libgcc.a(_ge_sf.o)
                              d:/program files/atmel/avr tools/avr toolchain/bin/../lib/gcc/avr/4.5.1/avr4\libgcc.a(_fixunssfsi.o) (__gesf2)
d:/program files/atmel/avr tools/avr toolchain/bin/../lib/gcc/avr/4.5.1/avr4\libgcc.a(_sf_to_si.o)
                              d:/program files/atmel/avr tools/avr toolchain/bin/../lib/gcc/avr/4.5.1/avr4\libgcc.a(_fixunssfsi.o) (__fixsfsi)
d:/program files/atmel/avr tools/avr toolchain/bin/../lib/gcc/avr/4.5.1/avr4\libgcc.a(_thenan_sf.o)
                              d:/program files/atmel/avr tools/avr toolchain/bin/../lib/gcc/avr/4.5.1/avr4\libgcc.a(_addsub_sf.o) (__thenan_sf)
d:/program files/atmel/avr tools/avr toolchain/bin/../lib/gcc/avr/4.5.1/avr4\libgcc.a(_usi_to_sf.o)
                              magneto.o (__floatunsisf)
d:/program files/atmel/avr tools/avr toolchain/bin/../lib/gcc/avr/4.5.1/avr4\libgcc.a(_prologue.o)
                              d:/program files/atmel/avr tools/avr toolchain/bin/../lib/gcc/avr/4.5.1/avr4\libgcc.a(_addsub_sf.o) (__prologue_saves__)
d:/program files/atmel/avr tools/avr toolchain/bin/../lib/gcc/avr/4.5.1/avr4\libgcc.a(_epilogue.o)
                              d:/program files/atmel/avr tools/avr toolchain/bin/../lib/gcc/avr/4.5.1/avr4\libgcc.a(_addsub_sf.o) (__epilogue_restores__)
d:/program files/atmel/avr tools/avr toolchain/bin/../lib/gcc/avr/4.5.1/avr4\libgcc.a(_clzsi2.o)
                              d:/program files/atmel/avr tools/avr toolchain/bin/../lib/gcc/avr/4.5.1/avr4\libgcc.a(_usi_to_sf.o) (__clzsi2)
d:/program files/atmel/avr tools/avr toolchain/bin/../lib/gcc/avr/4.5.1/avr4\libgcc.a(_pack_sf.o)
                              d:/program files/atmel/avr tools/avr toolchain/bin/../lib/gcc/avr/4.5.1/avr4\libgcc.a(_addsub_sf.o) (__pack_f)
d:/program files/atmel/avr tools/avr toolchain/bin/../lib/gcc/avr/4.5.1/avr4\libgcc.a(_unpack_sf.o)
                              d:/program files/atmel/avr tools/avr toolchain/bin/../lib/gcc/avr/4.5.1/avr4\libgcc.a(_addsub_sf.o) (__unpack_f)
d:/program files/atmel/avr tools/avr toolchain/bin/../lib/gcc/avr/4.5.1/avr4\libgcc.a(_fpcmp_parts_sf.o)
                              d:/program files/atmel/avr tools/avr toolchain/bin/../lib/gcc/avr/4.5.1/avr4\libgcc.a(_ge_sf.o) (__fpcmp_parts_f)
d:/program files/atmel/avr tools/avr toolchain/bin/../lib/gcc/avr/4.5.1/avr4\libgcc.a(_clz.o)
                              d:/program files/atmel/avr tools/avr toolchain/bin/../lib/gcc/avr/4.5.1/avr4\libgcc.a(_clzsi2.o) (__clz_tab)

Memory Configuration

Name             Origin             Length             Attributes
text             0x00000000         0x00002000         xr
data             0x00800060         0x0000ffa0         rw !x
eeprom           0x00810000         0x00010000         rw !x
fuse             0x00820000         0x00000400         rw !x
lock             0x00830000         0x00000400         rw !x
signature        0x00840000         0x00000400         rw !x
*default*        0x00000000         0xffffffff

Linker script and memory map

LOAD d:/program files/atmel/avr tools/avr toolchain/bin/../lib/gcc/avr/4.5.1/../../../../avr/lib/avr4/crtm8.o
LOAD magneto.o
LOAD d:/program files/atmel/avr tools/avr toolchain/bin/../lib/gcc/avr/4.5.1/avr4\libgcc.a
LOAD d:/program files/atmel/avr tools/avr toolchain/bin/../lib/gcc/avr/4.5.1/../../../../avr/lib/avr4\libc.a
LOAD d:/program files/atmel/avr tools/avr toolchain/bin/../lib/gcc/avr/4.5.1/avr4\libgcc.a

.hash
 *(.hash)

.dynsym
 *(.dynsym)

.dynstr
 *(.dynstr)

.gnu.version
 *(.gnu.version)

.gnu.version_d
 *(.gnu.version_d)

.gnu.version_r
 *(.gnu.version_r)

.rel.init
 *(.rel.init)

.rela.init
 *(.rela.init)

.rel.text
 *(.rel.text)
 *(.rel.text.*)
 *(.rel.gnu.linkonce.t*)

.rela.text
 *(.rela.text)
 *(.rela.text.*)
 *(.rela.gnu.linkonce.t*)

.rel.fini
 *(.rel.fini)

.rela.fini
 *(.rela.fini)

.rel.rodata
 *(.rel.rodata)
 *(.rel.rodata.*)
 *(.rel.gnu.linkonce.r*)

.rela.rodata
 *(.rela.rodata)
 *(.rela.rodata.*)
 *(.rela.gnu.linkonce.r*)

.rel.data
 *(.rel.data)
 *(.rel.data.*)
 *(.rel.gnu.linkonce.d*)

.rela.data
 *(.rela.data)
 *(.rela.data.*)
 *(.rela.gnu.linkonce.d*)

.rel.ctors
 *(.rel.ctors)

.rela.ctors
 *(.rela.ctors)

.rel.dtors
 *(.rel.dtors)

.rela.dtors
 *(.rela.dtors)

.rel.got
 *(.rel.got)

.rela.got
 *(.rela.got)

.rel.bss
 *(.rel.bss)

.rela.bss
 *(.rela.bss)

.rel.plt
 *(.rel.plt)

.rela.plt
 *(.rela.plt)

.text           0x00000000      0xf5c
 *(.vectors)
 .vectors       0x00000000       0x26 d:/program files/atmel/avr tools/avr toolchain/bin/../lib/gcc/avr/4.5.1/../../../../avr/lib/avr4/crtm8.o
                0x00000000                __vector_default
                0x00000000                __vectors
 *(.vectors)
 *(.progmem.gcc*)
 *(.progmem*)
                0x00000026                . = ALIGN (0x2)
                0x00000026                __trampolines_start = .
 *(.trampolines)
 .trampolines   0x00000026        0x0 linker stubs
 *(.trampolines*)
                0x00000026                __trampolines_end = .
 *(.jumptables)
 *(.jumptables*)
 *(.lowtext)
 *(.lowtext*)
                0x00000026                __ctors_start = .
 *(.ctors)
                0x00000026                __ctors_end = .
                0x00000026                __dtors_start = .
 *(.dtors)
                0x00000026                __dtors_end = .
 SORT(*)(.ctors)
 SORT(*)(.dtors)
 *(.init0)
 .init0         0x00000026        0x0 d:/program files/atmel/avr tools/avr toolchain/bin/../lib/gcc/avr/4.5.1/../../../../avr/lib/avr4/crtm8.o
                0x00000026                __init
 *(.init0)
 *(.init1)
 *(.init1)
 *(.init2)
 .init2         0x00000026        0xc d:/program files/atmel/avr tools/avr toolchain/bin/../lib/gcc/avr/4.5.1/../../../../avr/lib/avr4/crtm8.o
 *(.init2)
 *(.init3)
 *(.init3)
 *(.init4)
 .init4         0x00000032       0x16 d:/program files/atmel/avr tools/avr toolchain/bin/../lib/gcc/avr/4.5.1/avr4\libgcc.a(_copy_data.o)
                0x00000032                __do_copy_data
 *(.init4)
 *(.init5)
 *(.init5)
 *(.init6)
 *(.init6)
 *(.init7)
 *(.init7)
 *(.init8)
 *(.init8)
 *(.init9)
 .init9         0x00000048        0x4 d:/program files/atmel/avr tools/avr toolchain/bin/../lib/gcc/avr/4.5.1/../../../../avr/lib/avr4/crtm8.o
 *(.init9)
 *(.text)
 .text          0x0000004c        0x2 d:/program files/atmel/avr tools/avr toolchain/bin/../lib/gcc/avr/4.5.1/../../../../avr/lib/avr4/crtm8.o
                0x0000004c                __vector_1
                0x0000004c                __vector_12
                0x0000004c                __bad_interrupt
                0x0000004c                __vector_6
                0x0000004c                __vector_3
                0x0000004c                __vector_11
                0x0000004c                __vector_13
                0x0000004c                __vector_17
                0x0000004c                __vector_7
                0x0000004c                __vector_5
                0x0000004c                __vector_4
                0x0000004c                __vector_9
                0x0000004c                __vector_2
                0x0000004c                __vector_15
                0x0000004c                __vector_8
                0x0000004c                __vector_14
                0x0000004c                __vector_10
                0x0000004c                __vector_16
                0x0000004c                __vector_18
 .text          0x0000004e      0x3ac magneto.o
                0x0000004e                int2str
                0x0000008e                printserial
                0x000000a4                initadc
                0x000000ac                readadc
                0x000000ca                sendPacket
                0x000000ec                main
 .text          0x000003fa        0x0 d:/program files/atmel/avr tools/avr toolchain/bin/../lib/gcc/avr/4.5.1/avr4\libgcc.a(_udivmodhi4.o)
 .text          0x000003fa        0x0 d:/program files/atmel/avr tools/avr toolchain/bin/../lib/gcc/avr/4.5.1/avr4\libgcc.a(_udivmodsi4.o)
 .text          0x000003fa        0x0 d:/program files/atmel/avr tools/avr toolchain/bin/../lib/gcc/avr/4.5.1/avr4\libgcc.a(_exit.o)
 .text          0x000003fa        0x0 d:/program files/atmel/avr tools/avr toolchain/bin/../lib/gcc/avr/4.5.1/avr4\libgcc.a(_copy_data.o)
 .text          0x000003fa       0x50 d:/program files/atmel/avr tools/avr toolchain/bin/../lib/gcc/avr/4.5.1/avr4\libgcc.a(_fixunssfsi.o)
                0x000003fa                __fixunssfsi
 .text          0x0000044a      0x334 d:/program files/atmel/avr tools/avr toolchain/bin/../lib/gcc/avr/4.5.1/avr4\libgcc.a(_addsub_sf.o)
                0x000006da                __addsf3
                0x00000728                __subsf3
 .text          0x0000077e      0x152 d:/program files/atmel/avr tools/avr toolchain/bin/../lib/gcc/avr/4.5.1/avr4\libgcc.a(_div_sf.o)
                0x0000077e                __divsf3
 .text          0x000008d0       0x56 d:/program files/atmel/avr tools/avr toolchain/bin/../lib/gcc/avr/4.5.1/avr4\libgcc.a(_ge_sf.o)
                0x000008d0                __gesf2
 .text          0x00000926       0x9e d:/program files/atmel/avr tools/avr toolchain/bin/../lib/gcc/avr/4.5.1/avr4\libgcc.a(_sf_to_si.o)
                0x00000926                __fixsfsi
 .text          0x000009c4        0x0 d:/program files/atmel/avr tools/avr toolchain/bin/../lib/gcc/avr/4.5.1/avr4\libgcc.a(_thenan_sf.o)
 .text          0x000009c4       0xe8 d:/program files/atmel/avr tools/avr toolchain/bin/../lib/gcc/avr/4.5.1/avr4\libgcc.a(_usi_to_sf.o)
                0x000009c4                __floatunsisf
 .text          0x00000aac        0x0 d:/program files/atmel/avr tools/avr toolchain/bin/../lib/gcc/avr/4.5.1/avr4\libgcc.a(_prologue.o)
 .text          0x00000aac        0x0 d:/program files/atmel/avr tools/avr toolchain/bin/../lib/gcc/avr/4.5.1/avr4\libgcc.a(_epilogue.o)
 .text          0x00000aac       0xb4 d:/program files/atmel/avr tools/avr toolchain/bin/../lib/gcc/avr/4.5.1/avr4\libgcc.a(_clzsi2.o)
                0x00000aac                __clzsi2
 .text          0x00000b60      0x19a d:/program files/atmel/avr tools/avr toolchain/bin/../lib/gcc/avr/4.5.1/avr4\libgcc.a(_pack_sf.o)
                0x00000b60                __pack_f
 .text          0x00000cfa       0xd2 d:/program files/atmel/avr tools/avr toolchain/bin/../lib/gcc/avr/4.5.1/avr4\libgcc.a(_unpack_sf.o)
                0x00000cfa                __unpack_f
 .text          0x00000dcc       0xb2 d:/program files/atmel/avr tools/avr toolchain/bin/../lib/gcc/avr/4.5.1/avr4\libgcc.a(_fpcmp_parts_sf.o)
                0x00000dcc                __fpcmp_parts_f
 .text          0x00000e7e        0x0 d:/program files/atmel/avr tools/avr toolchain/bin/../lib/gcc/avr/4.5.1/avr4\libgcc.a(_clz.o)
                0x00000e7e                . = ALIGN (0x2)
 *(.text.*)
 .text.libgcc   0x00000e7e       0x28 d:/program files/atmel/avr tools/avr toolchain/bin/../lib/gcc/avr/4.5.1/avr4\libgcc.a(_udivmodhi4.o)
                0x00000e7e                __udivmodhi4
 .text.libgcc   0x00000ea6       0x44 d:/program files/atmel/avr tools/avr toolchain/bin/../lib/gcc/avr/4.5.1/avr4\libgcc.a(_udivmodsi4.o)
                0x00000ea6                __udivmodsi4
 .text.libgcc   0x00000eea        0x0 d:/program files/atmel/avr tools/avr toolchain/bin/../lib/gcc/avr/4.5.1/avr4\libgcc.a(_exit.o)
 .text.libgcc   0x00000eea        0x0 d:/program files/atmel/avr tools/avr toolchain/bin/../lib/gcc/avr/4.5.1/avr4\libgcc.a(_copy_data.o)
 .text.libgcc   0x00000eea       0x38 d:/program files/atmel/avr tools/avr toolchain/bin/../lib/gcc/avr/4.5.1/avr4\libgcc.a(_prologue.o)
                0x00000eea                __prologue_saves__
 .text.libgcc   0x00000f22       0x36 d:/program files/atmel/avr tools/avr toolchain/bin/../lib/gcc/avr/4.5.1/avr4\libgcc.a(_epilogue.o)
                0x00000f22                __epilogue_restores__
                0x00000f58                . = ALIGN (0x2)
 *(.fini9)
 .fini9         0x00000f58        0x0 d:/program files/atmel/avr tools/avr toolchain/bin/../lib/gcc/avr/4.5.1/avr4\libgcc.a(_exit.o)
                0x00000f58                _exit
                0x00000f58                exit
 *(.fini9)
 *(.fini8)
 *(.fini8)
 *(.fini7)
 *(.fini7)
 *(.fini6)
 *(.fini6)
 *(.fini5)
 *(.fini5)
 *(.fini4)
 *(.fini4)
 *(.fini3)
 *(.fini3)
 *(.fini2)
 *(.fini2)
 *(.fini1)
 *(.fini1)
 *(.fini0)
 .fini0         0x00000f58        0x4 d:/program files/atmel/avr tools/avr toolchain/bin/../lib/gcc/avr/4.5.1/avr4\libgcc.a(_exit.o)
 *(.fini0)
                0x00000f5c                _etext = .

.data           0x00800060      0x166 load address 0x00000f5c
                0x00800060                PROVIDE (__data_start, .)
 *(.data)
 .data          0x00800060        0x0 d:/program files/atmel/avr tools/avr toolchain/bin/../lib/gcc/avr/4.5.1/../../../../avr/lib/avr4/crtm8.o
 .data          0x00800060       0x5e magneto.o
 .data          0x008000be        0x0 d:/program files/atmel/avr tools/avr toolchain/bin/../lib/gcc/avr/4.5.1/avr4\libgcc.a(_udivmodhi4.o)
 .data          0x008000be        0x0 d:/program files/atmel/avr tools/avr toolchain/bin/../lib/gcc/avr/4.5.1/avr4\libgcc.a(_udivmodsi4.o)
 .data          0x008000be        0x0 d:/program files/atmel/avr tools/avr toolchain/bin/../lib/gcc/avr/4.5.1/avr4\libgcc.a(_exit.o)
 .data          0x008000be        0x0 d:/program files/atmel/avr tools/avr toolchain/bin/../lib/gcc/avr/4.5.1/avr4\libgcc.a(_copy_data.o)
 .data          0x008000be        0x0 d:/program files/atmel/avr tools/avr toolchain/bin/../lib/gcc/avr/4.5.1/avr4\libgcc.a(_fixunssfsi.o)
 .data          0x008000be        0x0 d:/program files/atmel/avr tools/avr toolchain/bin/../lib/gcc/avr/4.5.1/avr4\libgcc.a(_addsub_sf.o)
 .data          0x008000be        0x0 d:/program files/atmel/avr tools/avr toolchain/bin/../lib/gcc/avr/4.5.1/avr4\libgcc.a(_div_sf.o)
 .data          0x008000be        0x0 d:/program files/atmel/avr tools/avr toolchain/bin/../lib/gcc/avr/4.5.1/avr4\libgcc.a(_ge_sf.o)
 .data          0x008000be        0x0 d:/program files/atmel/avr tools/avr toolchain/bin/../lib/gcc/avr/4.5.1/avr4\libgcc.a(_sf_to_si.o)
 .data          0x008000be        0x8 d:/program files/atmel/avr tools/avr toolchain/bin/../lib/gcc/avr/4.5.1/avr4\libgcc.a(_thenan_sf.o)
                0x008000be                __thenan_sf
 .data          0x008000c6        0x0 d:/program files/atmel/avr tools/avr toolchain/bin/../lib/gcc/avr/4.5.1/avr4\libgcc.a(_usi_to_sf.o)
 .data          0x008000c6        0x0 d:/program files/atmel/avr tools/avr toolchain/bin/../lib/gcc/avr/4.5.1/avr4\libgcc.a(_prologue.o)
 .data          0x008000c6        0x0 d:/program files/atmel/avr tools/avr toolchain/bin/../lib/gcc/avr/4.5.1/avr4\libgcc.a(_epilogue.o)
 .data          0x008000c6        0x0 d:/program files/atmel/avr tools/avr toolchain/bin/../lib/gcc/avr/4.5.1/avr4\libgcc.a(_clzsi2.o)
 .data          0x008000c6        0x0 d:/program files/atmel/avr tools/avr toolchain/bin/../lib/gcc/avr/4.5.1/avr4\libgcc.a(_pack_sf.o)
 .data          0x008000c6        0x0 d:/program files/atmel/avr tools/avr toolchain/bin/../lib/gcc/avr/4.5.1/avr4\libgcc.a(_unpack_sf.o)
 .data          0x008000c6        0x0 d:/program files/atmel/avr tools/avr toolchain/bin/../lib/gcc/avr/4.5.1/avr4\libgcc.a(_fpcmp_parts_sf.o)
 .data          0x008000c6      0x100 d:/program files/atmel/avr tools/avr toolchain/bin/../lib/gcc/avr/4.5.1/avr4\libgcc.a(_clz.o)
                0x008000c6                __clz_tab
 *(.data*)
 *(.rodata)
 *(.rodata*)
 *(.gnu.linkonce.d*)
                0x008001c6                . = ALIGN (0x2)
                0x008001c6                _edata = .
                0x008001c6                PROVIDE (__data_end, .)

.bss            0x008001c6        0x0
                0x008001c6                PROVIDE (__bss_start, .)
 *(.bss)
 .bss           0x008001c6        0x0 d:/program files/atmel/avr tools/avr toolchain/bin/../lib/gcc/avr/4.5.1/../../../../avr/lib/avr4/crtm8.o
 .bss           0x008001c6        0x0 magneto.o
 .bss           0x008001c6        0x0 d:/program files/atmel/avr tools/avr toolchain/bin/../lib/gcc/avr/4.5.1/avr4\libgcc.a(_udivmodhi4.o)
 .bss           0x008001c6        0x0 d:/program files/atmel/avr tools/avr toolchain/bin/../lib/gcc/avr/4.5.1/avr4\libgcc.a(_udivmodsi4.o)
 .bss           0x008001c6        0x0 d:/program files/atmel/avr tools/avr toolchain/bin/../lib/gcc/avr/4.5.1/avr4\libgcc.a(_exit.o)
 .bss           0x008001c6        0x0 d:/program files/atmel/avr tools/avr toolchain/bin/../lib/gcc/avr/4.5.1/avr4\libgcc.a(_copy_data.o)
 .bss           0x008001c6        0x0 d:/program files/atmel/avr tools/avr toolchain/bin/../lib/gcc/avr/4.5.1/avr4\libgcc.a(_fixunssfsi.o)
 .bss           0x008001c6        0x0 d:/program files/atmel/avr tools/avr toolchain/bin/../lib/gcc/avr/4.5.1/avr4\libgcc.a(_addsub_sf.o)
 .bss           0x008001c6        0x0 d:/program files/atmel/avr tools/avr toolchain/bin/../lib/gcc/avr/4.5.1/avr4\libgcc.a(_div_sf.o)
 .bss           0x008001c6        0x0 d:/program files/atmel/avr tools/avr toolchain/bin/../lib/gcc/avr/4.5.1/avr4\libgcc.a(_ge_sf.o)
 .bss           0x008001c6        0x0 d:/program files/atmel/avr tools/avr toolchain/bin/../lib/gcc/avr/4.5.1/avr4\libgcc.a(_sf_to_si.o)
 .bss           0x008001c6        0x0 d:/program files/atmel/avr tools/avr toolchain/bin/../lib/gcc/avr/4.5.1/avr4\libgcc.a(_thenan_sf.o)
 .bss           0x008001c6        0x0 d:/program files/atmel/avr tools/avr toolchain/bin/../lib/gcc/avr/4.5.1/avr4\libgcc.a(_usi_to_sf.o)
 .bss           0x008001c6        0x0 d:/program files/atmel/avr tools/avr toolchain/bin/../lib/gcc/avr/4.5.1/avr4\libgcc.a(_prologue.o)
 .bss           0x008001c6        0x0 d:/program files/atmel/avr tools/avr toolchain/bin/../lib/gcc/avr/4.5.1/avr4\libgcc.a(_epilogue.o)
 .bss           0x008001c6        0x0 d:/program files/atmel/avr tools/avr toolchain/bin/../lib/gcc/avr/4.5.1/avr4\libgcc.a(_clzsi2.o)
 .bss           0x008001c6        0x0 d:/program files/atmel/avr tools/avr toolchain/bin/../lib/gcc/avr/4.5.1/avr4\libgcc.a(_pack_sf.o)
 .bss           0x008001c6        0x0 d:/program files/atmel/avr tools/avr toolchain/bin/../lib/gcc/avr/4.5.1/avr4\libgcc.a(_unpack_sf.o)
 .bss           0x008001c6        0x0 d:/program files/atmel/avr tools/avr toolchain/bin/../lib/gcc/avr/4.5.1/avr4\libgcc.a(_fpcmp_parts_sf.o)
 .bss           0x008001c6        0x0 d:/program files/atmel/avr tools/avr toolchain/bin/../lib/gcc/avr/4.5.1/avr4\libgcc.a(_clz.o)
 *(.bss*)
 *(COMMON)
                0x008001c6                PROVIDE (__bss_end, .)
                0x00000f5c                __data_load_start = LOADADDR (.data)
                0x000010c2                __data_load_end = (__data_load_start + SIZEOF (.data))

.noinit         0x008001c6        0x0
                0x008001c6                PROVIDE (__noinit_start, .)
 *(.noinit*)
                0x008001c6                PROVIDE (__noinit_end, .)
                0x008001c6                _end = .
                0x008001c6                PROVIDE (__heap_start, .)

.eeprom         0x00810000        0x0
 *(.eeprom*)
                0x00810000                __eeprom_end = .

.fuse
 *(.fuse)
 *(.lfuse)
 *(.hfuse)
 *(.efuse)

.lock
 *(.lock*)

.signature
 *(.signature*)

.stab           0x00000000      0x6cc
 *(.stab)
 .stab          0x00000000      0x6cc d:/program files/atmel/avr tools/avr toolchain/bin/../lib/gcc/avr/4.5.1/../../../../avr/lib/avr4/crtm8.o

.stabstr        0x00000000       0x85
 *(.stabstr)
 .stabstr       0x00000000       0x85 d:/program files/atmel/avr tools/avr toolchain/bin/../lib/gcc/avr/4.5.1/../../../../avr/lib/avr4/crtm8.o

.stab.excl
 *(.stab.excl)

.stab.exclstr
 *(.stab.exclstr)

.stab.index
 *(.stab.index)

.stab.indexstr
 *(.stab.indexstr)

.comment
 *(.comment)

.debug
 *(.debug)

.line
 *(.line)

.debug_srcinfo
 *(.debug_srcinfo)

.debug_sfnames
 *(.debug_sfnames)

.debug_aranges  0x00000000      0x160
 *(.debug_aranges)
 .debug_aranges
                0x00000000       0x20 magneto.o
 .debug_aranges
                0x00000020       0x20 d:/program files/atmel/avr tools/avr toolchain/bin/../lib/gcc/avr/4.5.1/avr4\libgcc.a(_fixunssfsi.o)
 .debug_aranges
                0x00000040       0x20 d:/program files/atmel/avr tools/avr toolchain/bin/../lib/gcc/avr/4.5.1/avr4\libgcc.a(_addsub_sf.o)
 .debug_aranges
                0x00000060       0x20 d:/program files/atmel/avr tools/avr toolchain/bin/../lib/gcc/avr/4.5.1/avr4\libgcc.a(_div_sf.o)
 .debug_aranges
                0x00000080       0x20 d:/program files/atmel/avr tools/avr toolchain/bin/../lib/gcc/avr/4.5.1/avr4\libgcc.a(_ge_sf.o)
 .debug_aranges
                0x000000a0       0x20 d:/program files/atmel/avr tools/avr toolchain/bin/../lib/gcc/avr/4.5.1/avr4\libgcc.a(_sf_to_si.o)
 .debug_aranges
                0x000000c0       0x20 d:/program files/atmel/avr tools/avr toolchain/bin/../lib/gcc/avr/4.5.1/avr4\libgcc.a(_usi_to_sf.o)
 .debug_aranges
                0x000000e0       0x20 d:/program files/atmel/avr tools/avr toolchain/bin/../lib/gcc/avr/4.5.1/avr4\libgcc.a(_clzsi2.o)
 .debug_aranges
                0x00000100       0x20 d:/program files/atmel/avr tools/avr toolchain/bin/../lib/gcc/avr/4.5.1/avr4\libgcc.a(_pack_sf.o)
 .debug_aranges
                0x00000120       0x20 d:/program files/atmel/avr tools/avr toolchain/bin/../lib/gcc/avr/4.5.1/avr4\libgcc.a(_unpack_sf.o)
 .debug_aranges
                0x00000140       0x20 d:/program files/atmel/avr tools/avr toolchain/bin/../lib/gcc/avr/4.5.1/avr4\libgcc.a(_fpcmp_parts_sf.o)

.debug_pubnames
                0x00000000      0x1f5
 *(.debug_pubnames)
 .debug_pubnames
                0x00000000       0x5e magneto.o
 .debug_pubnames
                0x0000005e       0x23 d:/program files/atmel/avr tools/avr toolchain/bin/../lib/gcc/avr/4.5.1/avr4\libgcc.a(_fixunssfsi.o)
 .debug_pubnames
                0x00000081       0x2c d:/program files/atmel/avr tools/avr toolchain/bin/../lib/gcc/avr/4.5.1/avr4\libgcc.a(_addsub_sf.o)
 .debug_pubnames
                0x000000ad       0x1f d:/program files/atmel/avr tools/avr toolchain/bin/../lib/gcc/avr/4.5.1/avr4\libgcc.a(_div_sf.o)
 .debug_pubnames
                0x000000cc       0x1e d:/program files/atmel/avr tools/avr toolchain/bin/../lib/gcc/avr/4.5.1/avr4\libgcc.a(_ge_sf.o)
 .debug_pubnames
                0x000000ea       0x20 d:/program files/atmel/avr tools/avr toolchain/bin/../lib/gcc/avr/4.5.1/avr4\libgcc.a(_sf_to_si.o)
 .debug_pubnames
                0x0000010a       0x22 d:/program files/atmel/avr tools/avr toolchain/bin/../lib/gcc/avr/4.5.1/avr4\libgcc.a(_thenan_sf.o)
 .debug_pubnames
                0x0000012c       0x24 d:/program files/atmel/avr tools/avr toolchain/bin/../lib/gcc/avr/4.5.1/avr4\libgcc.a(_usi_to_sf.o)
 .debug_pubnames
                0x00000150       0x1f d:/program files/atmel/avr tools/avr toolchain/bin/../lib/gcc/avr/4.5.1/avr4\libgcc.a(_clzsi2.o)
 .debug_pubnames
                0x0000016f       0x1f d:/program files/atmel/avr tools/avr toolchain/bin/../lib/gcc/avr/4.5.1/avr4\libgcc.a(_pack_sf.o)
 .debug_pubnames
                0x0000018e       0x21 d:/program files/atmel/avr tools/avr toolchain/bin/../lib/gcc/avr/4.5.1/avr4\libgcc.a(_unpack_sf.o)
 .debug_pubnames
                0x000001af       0x26 d:/program files/atmel/avr tools/avr toolchain/bin/../lib/gcc/avr/4.5.1/avr4\libgcc.a(_fpcmp_parts_sf.o)
 .debug_pubnames
                0x000001d5       0x20 d:/program files/atmel/avr tools/avr toolchain/bin/../lib/gcc/avr/4.5.1/avr4\libgcc.a(_clz.o)

.debug_info     0x00000000     0x1f81
 *(.debug_info)
 .debug_info    0x00000000      0x539 magneto.o
 .debug_info    0x00000539       0xbd d:/program files/atmel/avr tools/avr toolchain/bin/../lib/gcc/avr/4.5.1/avr4\libgcc.a(_fixunssfsi.o)
 .debug_info    0x000005f6      0x455 d:/program files/atmel/avr tools/avr toolchain/bin/../lib/gcc/avr/4.5.1/avr4\libgcc.a(_addsub_sf.o)
 .debug_info    0x00000a4b      0x37f d:/program files/atmel/avr tools/avr toolchain/bin/../lib/gcc/avr/4.5.1/avr4\libgcc.a(_div_sf.o)
 .debug_info    0x00000dca      0x28a d:/program files/atmel/avr tools/avr toolchain/bin/../lib/gcc/avr/4.5.1/avr4\libgcc.a(_ge_sf.o)
 .debug_info    0x00001054      0x2a5 d:/program files/atmel/avr tools/avr toolchain/bin/../lib/gcc/avr/4.5.1/avr4\libgcc.a(_sf_to_si.o)
 .debug_info    0x000012f9      0x15e d:/program files/atmel/avr tools/avr toolchain/bin/../lib/gcc/avr/4.5.1/avr4\libgcc.a(_thenan_sf.o)
 .debug_info    0x00001457      0x232 d:/program files/atmel/avr tools/avr toolchain/bin/../lib/gcc/avr/4.5.1/avr4\libgcc.a(_usi_to_sf.o)
 .debug_info    0x00001689      0x12c d:/program files/atmel/avr tools/avr toolchain/bin/../lib/gcc/avr/4.5.1/avr4\libgcc.a(_clzsi2.o)
 .debug_info    0x000017b5      0x2d9 d:/program files/atmel/avr tools/avr toolchain/bin/../lib/gcc/avr/4.5.1/avr4\libgcc.a(_pack_sf.o)
 .debug_info    0x00001a8e      0x25c d:/program files/atmel/avr tools/avr toolchain/bin/../lib/gcc/avr/4.5.1/avr4\libgcc.a(_unpack_sf.o)
 .debug_info    0x00001cea      0x1f1 d:/program files/atmel/avr tools/avr toolchain/bin/../lib/gcc/avr/4.5.1/avr4\libgcc.a(_fpcmp_parts_sf.o)
 .debug_info    0x00001edb       0xa6 d:/program files/atmel/avr tools/avr toolchain/bin/../lib/gcc/avr/4.5.1/avr4\libgcc.a(_clz.o)
 *(.gnu.linkonce.wi.*)

.debug_abbrev   0x00000000      0xff6
 *(.debug_abbrev)
 .debug_abbrev  0x00000000      0x22d magneto.o
 .debug_abbrev  0x0000022d       0x5d d:/program files/atmel/avr tools/avr toolchain/bin/../lib/gcc/avr/4.5.1/avr4\libgcc.a(_fixunssfsi.o)
 .debug_abbrev  0x0000028a      0x1af d:/program files/atmel/avr tools/avr toolchain/bin/../lib/gcc/avr/4.5.1/avr4\libgcc.a(_addsub_sf.o)
 .debug_abbrev  0x00000439      0x1c4 d:/program files/atmel/avr tools/avr toolchain/bin/../lib/gcc/avr/4.5.1/avr4\libgcc.a(_div_sf.o)
 .debug_abbrev  0x000005fd      0x151 d:/program files/atmel/avr tools/avr toolchain/bin/../lib/gcc/avr/4.5.1/avr4\libgcc.a(_ge_sf.o)
 .debug_abbrev  0x0000074e      0x160 d:/program files/atmel/avr tools/avr toolchain/bin/../lib/gcc/avr/4.5.1/avr4\libgcc.a(_sf_to_si.o)
 .debug_abbrev  0x000008ae       0xcb d:/program files/atmel/avr tools/avr toolchain/bin/../lib/gcc/avr/4.5.1/avr4\libgcc.a(_thenan_sf.o)
 .debug_abbrev  0x00000979      0x173 d:/program files/atmel/avr tools/avr toolchain/bin/../lib/gcc/avr/4.5.1/avr4\libgcc.a(_usi_to_sf.o)
 .debug_abbrev  0x00000aec       0xce d:/program files/atmel/avr tools/avr toolchain/bin/../lib/gcc/avr/4.5.1/avr4\libgcc.a(_clzsi2.o)
 .debug_abbrev  0x00000bba      0x185 d:/program files/atmel/avr tools/avr toolchain/bin/../lib/gcc/avr/4.5.1/avr4\libgcc.a(_pack_sf.o)
 .debug_abbrev  0x00000d3f      0x14b d:/program files/atmel/avr tools/avr toolchain/bin/../lib/gcc/avr/4.5.1/avr4\libgcc.a(_unpack_sf.o)
 .debug_abbrev  0x00000e8a      0x10b d:/program files/atmel/avr tools/avr toolchain/bin/../lib/gcc/avr/4.5.1/avr4\libgcc.a(_fpcmp_parts_sf.o)
 .debug_abbrev  0x00000f95       0x61 d:/program files/atmel/avr tools/avr toolchain/bin/../lib/gcc/avr/4.5.1/avr4\libgcc.a(_clz.o)

.debug_line     0x00000000     0x1646
 *(.debug_line)
 .debug_line    0x00000000      0x5be magneto.o
 .debug_line    0x000005be       0xc9 d:/program files/atmel/avr tools/avr toolchain/bin/../lib/gcc/avr/4.5.1/avr4\libgcc.a(_fixunssfsi.o)
 .debug_line    0x00000687      0x2ee d:/program files/atmel/avr tools/avr toolchain/bin/../lib/gcc/avr/4.5.1/avr4\libgcc.a(_addsub_sf.o)
 .debug_line    0x00000975      0x210 d:/program files/atmel/avr tools/avr toolchain/bin/../lib/gcc/avr/4.5.1/avr4\libgcc.a(_div_sf.o)
 .debug_line    0x00000b85      0x105 d:/program files/atmel/avr tools/avr toolchain/bin/../lib/gcc/avr/4.5.1/avr4\libgcc.a(_ge_sf.o)
 .debug_line    0x00000c8a      0x13f d:/program files/atmel/avr tools/avr toolchain/bin/../lib/gcc/avr/4.5.1/avr4\libgcc.a(_sf_to_si.o)
 .debug_line    0x00000dc9       0xb2 d:/program files/atmel/avr tools/avr toolchain/bin/../lib/gcc/avr/4.5.1/avr4\libgcc.a(_thenan_sf.o)
 .debug_line    0x00000e7b      0x15b d:/program files/atmel/avr tools/avr toolchain/bin/../lib/gcc/avr/4.5.1/avr4\libgcc.a(_usi_to_sf.o)
 .debug_line    0x00000fd6       0xef d:/program files/atmel/avr tools/avr toolchain/bin/../lib/gcc/avr/4.5.1/avr4\libgcc.a(_clzsi2.o)
 .debug_line    0x000010c5      0x1f5 d:/program files/atmel/avr tools/avr toolchain/bin/../lib/gcc/avr/4.5.1/avr4\libgcc.a(_pack_sf.o)
 .debug_line    0x000012ba      0x175 d:/program files/atmel/avr tools/avr toolchain/bin/../lib/gcc/avr/4.5.1/avr4\libgcc.a(_unpack_sf.o)
 .debug_line    0x0000142f      0x179 d:/program files/atmel/avr tools/avr toolchain/bin/../lib/gcc/avr/4.5.1/avr4\libgcc.a(_fpcmp_parts_sf.o)
 .debug_line    0x000015a8       0x9e d:/program files/atmel/avr tools/avr toolchain/bin/../lib/gcc/avr/4.5.1/avr4\libgcc.a(_clz.o)

.debug_frame    0x00000000      0x1d0
 *(.debug_frame)
 .debug_frame   0x00000000       0x70 magneto.o
 .debug_frame   0x00000070       0x20 d:/program files/atmel/avr tools/avr toolchain/bin/../lib/gcc/avr/4.5.1/avr4\libgcc.a(_fixunssfsi.o)
 .debug_frame   0x00000090       0x40 d:/program files/atmel/avr tools/avr toolchain/bin/../lib/gcc/avr/4.5.1/avr4\libgcc.a(_addsub_sf.o)
 .debug_frame   0x000000d0       0x20 d:/program files/atmel/avr tools/avr toolchain/bin/../lib/gcc/avr/4.5.1/avr4\libgcc.a(_div_sf.o)
 .debug_frame   0x000000f0       0x20 d:/program files/atmel/avr tools/avr toolchain/bin/../lib/gcc/avr/4.5.1/avr4\libgcc.a(_ge_sf.o)
 .debug_frame   0x00000110       0x20 d:/program files/atmel/avr tools/avr toolchain/bin/../lib/gcc/avr/4.5.1/avr4\libgcc.a(_sf_to_si.o)
 .debug_frame   0x00000130       0x20 d:/program files/atmel/avr tools/avr toolchain/bin/../lib/gcc/avr/4.5.1/avr4\libgcc.a(_usi_to_sf.o)
 .debug_frame   0x00000150       0x20 d:/program files/atmel/avr tools/avr toolchain/bin/../lib/gcc/avr/4.5.1/avr4\libgcc.a(_clzsi2.o)
 .debug_frame   0x00000170       0x20 d:/program files/atmel/avr tools/avr toolchain/bin/../lib/gcc/avr/4.5.1/avr4\libgcc.a(_pack_sf.o)
 .debug_frame   0x00000190       0x20 d:/program files/atmel/avr tools/avr toolchain/bin/../lib/gcc/avr/4.5.1/avr4\libgcc.a(_unpack_sf.o)
 .debug_frame   0x000001b0       0x20 d:/program files/atmel/avr tools/avr toolchain/bin/../lib/gcc/avr/4.5.1/avr4\libgcc.a(_fpcmp_parts_sf.o)

.debug_str      0x00000000      0x460
 *(.debug_str)
 .debug_str     0x00000000      0x181 magneto.o
                                0x1ba (size before relaxing)
 .debug_str     0x00000181       0xd7 d:/program files/atmel/avr tools/avr toolchain/bin/../lib/gcc/avr/4.5.1/avr4\libgcc.a(_fixunssfsi.o)
                                0x15c (size before relaxing)
 .debug_str     0x00000258      0x155 d:/program files/atmel/avr tools/avr toolchain/bin/../lib/gcc/avr/4.5.1/avr4\libgcc.a(_addsub_sf.o)
                                0x243 (size before relaxing)
 .debug_str     0x000003ad       0x35 d:/program files/atmel/avr tools/avr toolchain/bin/../lib/gcc/avr/4.5.1/avr4\libgcc.a(_div_sf.o)
                                0x205 (size before relaxing)
 .debug_str     0x000003e2        0x8 d:/program files/atmel/avr tools/avr toolchain/bin/../lib/gcc/avr/4.5.1/avr4\libgcc.a(_ge_sf.o)
                                0x1ca (size before relaxing)
 .debug_str     0x000003ea        0xa d:/program files/atmel/avr tools/avr toolchain/bin/../lib/gcc/avr/4.5.1/avr4\libgcc.a(_sf_to_si.o)
                                0x1d3 (size before relaxing)
 .debug_str     0x00000000      0x175 d:/program files/atmel/avr tools/avr toolchain/bin/../lib/gcc/avr/4.5.1/avr4\libgcc.a(_thenan_sf.o)
 .debug_str     0x000003f4       0x2a d:/program files/atmel/avr tools/avr toolchain/bin/../lib/gcc/avr/4.5.1/avr4\libgcc.a(_usi_to_sf.o)
                                0x1b5 (size before relaxing)
 .debug_str     0x0000041e       0x17 d:/program files/atmel/avr tools/avr toolchain/bin/../lib/gcc/avr/4.5.1/avr4\libgcc.a(_clzsi2.o)
                                0x168 (size before relaxing)
 .debug_str     0x00000435       0x10 d:/program files/atmel/avr tools/avr toolchain/bin/../lib/gcc/avr/4.5.1/avr4\libgcc.a(_pack_sf.o)
                                0x1d2 (size before relaxing)
 .debug_str     0x00000445        0xb d:/program files/atmel/avr tools/avr toolchain/bin/../lib/gcc/avr/4.5.1/avr4\libgcc.a(_unpack_sf.o)
                                0x1b4 (size before relaxing)
 .debug_str     0x00000450       0x10 d:/program files/atmel/avr tools/avr toolchain/bin/../lib/gcc/avr/4.5.1/avr4\libgcc.a(_fpcmp_parts_sf.o)
                                0x198 (size before relaxing)
 .debug_str     0x00000000      0x14b d:/program files/atmel/avr tools/avr toolchain/bin/../lib/gcc/avr/4.5.1/avr4\libgcc.a(_clz.o)

.debug_loc      0x00000000      0xdde
 *(.debug_loc)
 .debug_loc     0x00000000      0x3a5 magneto.o
 .debug_loc     0x000003a5       0x34 d:/program files/atmel/avr tools/avr toolchain/bin/../lib/gcc/avr/4.5.1/avr4\libgcc.a(_fixunssfsi.o)
 .debug_loc     0x000003d9      0x31d d:/program files/atmel/avr tools/avr toolchain/bin/../lib/gcc/avr/4.5.1/avr4\libgcc.a(_addsub_sf.o)
 .debug_loc     0x000006f6      0x1ac d:/program files/atmel/avr tools/avr toolchain/bin/../lib/gcc/avr/4.5.1/avr4\libgcc.a(_div_sf.o)
 .debug_loc     0x000008a2       0x48 d:/program files/atmel/avr tools/avr toolchain/bin/../lib/gcc/avr/4.5.1/avr4\libgcc.a(_ge_sf.o)
 .debug_loc     0x000008ea       0x56 d:/program files/atmel/avr tools/avr toolchain/bin/../lib/gcc/avr/4.5.1/avr4\libgcc.a(_sf_to_si.o)
 .debug_loc     0x00000940       0x96 d:/program files/atmel/avr tools/avr toolchain/bin/../lib/gcc/avr/4.5.1/avr4\libgcc.a(_usi_to_sf.o)
 .debug_loc     0x000009d6       0xb2 d:/program files/atmel/avr tools/avr toolchain/bin/../lib/gcc/avr/4.5.1/avr4\libgcc.a(_clzsi2.o)
 .debug_loc     0x00000a88      0x1f5 d:/program files/atmel/avr tools/avr toolchain/bin/../lib/gcc/avr/4.5.1/avr4\libgcc.a(_pack_sf.o)
 .debug_loc     0x00000c7d      0x111 d:/program files/atmel/avr tools/avr toolchain/bin/../lib/gcc/avr/4.5.1/avr4\libgcc.a(_unpack_sf.o)
 .debug_loc     0x00000d8e       0x50 d:/program files/atmel/avr tools/avr toolchain/bin/../lib/gcc/avr/4.5.1/avr4\libgcc.a(_fpcmp_parts_sf.o)

.debug_macinfo
 *(.debug_macinfo)
OUTPUT(magneto.elf elf32-avr)
LOAD linker stubs

.debug_pubtypes
                0x00000000      0x539
 .debug_pubtypes
                0x00000000       0x38 magneto.o
 .debug_pubtypes
                0x00000038       0x34 d:/program files/atmel/avr tools/avr toolchain/bin/../lib/gcc/avr/4.5.1/avr4\libgcc.a(_fixunssfsi.o)
 .debug_pubtypes
                0x0000006c       0x9d d:/program files/atmel/avr tools/avr toolchain/bin/../lib/gcc/avr/4.5.1/avr4\libgcc.a(_addsub_sf.o)
 .debug_pubtypes
                0x00000109       0x86 d:/program files/atmel/avr tools/avr toolchain/bin/../lib/gcc/avr/4.5.1/avr4\libgcc.a(_div_sf.o)
 .debug_pubtypes
                0x0000018f       0x91 d:/program files/atmel/avr tools/avr toolchain/bin/../lib/gcc/avr/4.5.1/avr4\libgcc.a(_ge_sf.o)
 .debug_pubtypes
                0x00000220       0x91 d:/program files/atmel/avr tools/avr toolchain/bin/../lib/gcc/avr/4.5.1/avr4\libgcc.a(_sf_to_si.o)
 .debug_pubtypes
                0x000002b1       0x5b d:/program files/atmel/avr tools/avr toolchain/bin/../lib/gcc/avr/4.5.1/avr4\libgcc.a(_thenan_sf.o)
 .debug_pubtypes
                0x0000030c       0x73 d:/program files/atmel/avr tools/avr toolchain/bin/../lib/gcc/avr/4.5.1/avr4\libgcc.a(_usi_to_sf.o)
 .debug_pubtypes
                0x0000037f       0x35 d:/program files/atmel/avr tools/avr toolchain/bin/../lib/gcc/avr/4.5.1/avr4\libgcc.a(_clzsi2.o)
 .debug_pubtypes
                0x000003b4       0x86 d:/program files/atmel/avr tools/avr toolchain/bin/../lib/gcc/avr/4.5.1/avr4\libgcc.a(_pack_sf.o)
 .debug_pubtypes
                0x0000043a       0x86 d:/program files/atmel/avr tools/avr toolchain/bin/../lib/gcc/avr/4.5.1/avr4\libgcc.a(_unpack_sf.o)
 .debug_pubtypes
                0x000004c0       0x5b d:/program files/atmel/avr tools/avr toolchain/bin/../lib/gcc/avr/4.5.1/avr4\libgcc.a(_fpcmp_parts_sf.o)
 .debug_pubtypes
                0x0000051b       0x1e d:/program files/atmel/avr tools/avr toolchain/bin/../lib/gcc/avr/4.5.1/avr4\libgcc.a(_clz.o)

.debug_ranges   0x00000000       0x38
 .debug_ranges  0x00000000       0x38 d:/program files/atmel/avr tools/avr toolchain/bin/../lib/gcc/avr/4.5.1/avr4\libgcc.a(_div_sf.o)
